2026-06-05 13:30:32 DEBUG BaseModel:82 - Model findByPK Started
2026-06-05 13:30:32 DEBUG BaseModel:102 - Model findByPK End
2026-06-05 13:30:32 DEBUG BaseModel:108 - Model findBy EmailId Started
2026-06-05 13:30:32 DEBUG BaseModel:130 - Model findBy EmailId End
2026-06-05 13:30:32 DEBUG BaseModel:108 - Model findBy EmailId Started
2026-06-05 13:30:32 DEBUG BaseModel:130 - Model findBy EmailId End
2026-06-05 13:30:32 DEBUG BaseModel:82 - Model findByPK Started
2026-06-05 13:30:32 DEBUG BaseModel:102 - Model findByPK End
2026-06-05 13:30:32 DEBUG BaseModel:108 - Model findBy EmailId Started
2026-06-05 13:30:32 DEBUG BaseModel:130 - Model findBy EmailId End
2026-06-05 13:30:32 DEBUG BaseModel:49 - Model nextPK Started
2026-06-05 13:30:32 DEBUG BaseModel:68 - Model nextPK End
2026-06-05 13:30:32 DEBUG BaseModel:108 - Model findBy EmailId Started
2026-06-05 13:30:32 DEBUG BaseModel:130 - Model findBy EmailId End
2026-06-05 13:30:32 DEBUG BaseModel:108 - Model findBy EmailId Started
2026-06-05 13:30:32 DEBUG BaseModel:130 - Model findBy EmailId End
2026-06-05 13:30:32 DEBUG BaseModel:241 - Model search Started
2026-06-05 13:30:32 DEBUG BaseModel:272 - Model search End
2026-06-05 13:30:32 DEBUG BaseModel:161 - Model delete Started
2026-06-05 13:30:32 DEBUG BaseModel:184 - Model delete Started
2026-06-05 13:30:32 DEBUG BaseModel:297 - Model list Started
2026-06-05 13:30:32 DEBUG BaseModel:328 - Model list End
2026-06-05 13:30:32 DEBUG BaseModel:108 - Model findBy EmailId Started
2026-06-05 13:30:32 DEBUG BaseModel:130 - Model findBy EmailId End
2026-06-05 13:30:32 DEBUG BaseModel:82 - Model findByPK Started
2026-06-05 13:30:32 DEBUG BaseModel:102 - Model findByPK End
2026-06-05 13:30:32 DEBUG BaseModel:108 - Model findBy EmailId Started
2026-06-05 13:30:32 DEBUG BaseModel:130 - Model findBy EmailId End
2026-06-05 13:30:32 DEBUG BaseModel:108 - Model findBy EmailId Started
2026-06-05 13:30:32 DEBUG BaseModel:130 - Model findBy EmailId End
2026-06-05 13:30:32 DEBUG BaseModel:82 - Model findByPK Started
2026-06-05 13:30:32 DEBUG BaseModel:102 - Model findByPK End
2026-06-05 13:30:32 DEBUG BaseModel:108 - Model findBy EmailId Started
2026-06-05 13:30:32 DEBUG BaseModel:130 - Model findBy EmailId End
2026-06-05 13:30:32 DEBUG BaseModel:49 - Model nextPK Started
2026-06-05 13:30:32 DEBUG BaseModel:68 - Model nextPK End
2026-06-05 13:30:32 DEBUG BaseModel:108 - Model findBy EmailId Started
2026-06-05 13:30:32 DEBUG BaseModel:130 - Model findBy EmailId End
2026-06-05 13:30:32 DEBUG BaseModel:108 - Model findBy EmailId Started
2026-06-05 13:30:32 DEBUG BaseModel:130 - Model findBy EmailId End
2026-06-05 13:30:32 DEBUG BaseModel:241 - Model search Started
2026-06-05 13:30:32 DEBUG BaseModel:272 - Model search End
2026-06-05 13:30:32 DEBUG BaseModel:161 - Model delete Started
2026-06-05 13:30:32 DEBUG BaseModel:184 - Model delete Started
2026-06-05 13:30:32 DEBUG BaseModel:297 - Model list Started
2026-06-05 13:30:32 DEBUG BaseModel:328 - Model list End
2026-06-05 13:30:32 DEBUG BaseModel:108 - Model findBy EmailId Started
2026-06-05 13:30:32 DEBUG BaseModel:130 - Model findBy EmailId End
2026-06-05 13:30:32 DEBUG BaseModel:82 - Model findByPK Started
2026-06-05 13:30:32 DEBUG BaseModel:102 - Model findByPK End
2026-06-05 13:30:32 DEBUG BaseModel:108 - Model findBy EmailId Started
2026-06-05 13:30:32 DEBUG BaseModel:130 - Model findBy EmailId End
2026-06-05 13:30:32 DEBUG CollegeModel:34 - Model add Started
2026-06-05 13:30:32 DEBUG BaseModel:108 - Model findBy EmailId Started
2026-06-05 13:30:32 DEBUG BaseModel:130 - Model findBy EmailId End
2026-06-05 13:30:32 DEBUG BaseModel:82 - Model findByPK Started
2026-06-05 13:30:32 DEBUG BaseModel:102 - Model findByPK End
2026-06-05 13:30:32 DEBUG CollegeModel:34 - Model add Started
2026-06-05 13:30:32 DEBUG BaseModel:108 - Model findBy EmailId Started
2026-06-05 13:30:32 DEBUG BaseModel:130 - Model findBy EmailId End
2026-06-05 13:30:32 DEBUG BaseModel:49 - Model nextPK Started
2026-06-05 13:30:32 DEBUG BaseModel:68 - Model nextPK End
2026-06-05 13:30:32 DEBUG CollegeModel:75 - Model add End
2026-06-05 13:30:32 DEBUG CollegeModel:98 - Model update Started
2026-06-05 13:30:32 DEBUG BaseModel:108 - Model findBy EmailId Started
2026-06-05 13:30:32 DEBUG BaseModel:130 - Model findBy EmailId End
2026-06-05 13:30:32 DEBUG CollegeModel:98 - Model update Started
2026-06-05 13:30:32 DEBUG BaseModel:108 - Model findBy EmailId Started
2026-06-05 13:30:32 DEBUG BaseModel:130 - Model findBy EmailId End
2026-06-05 13:30:32 DEBUG CollegeModel:140 - Model update End
2026-06-05 13:30:32 DEBUG BaseModel:241 - Model search Started
2026-06-05 13:30:32 DEBUG BaseModel:272 - Model search End
2026-06-05 13:30:32 DEBUG BaseModel:161 - Model delete Started
2026-06-05 13:30:32 DEBUG BaseModel:184 - Model delete Started
2026-06-05 13:30:32 DEBUG BaseModel:297 - Model list Started
2026-06-05 13:30:32 DEBUG BaseModel:328 - Model list End
2026-06-05 13:30:32 DEBUG BaseModel:108 - Model findBy EmailId Started
2026-06-05 13:30:32 DEBUG BaseModel:130 - Model findBy EmailId End
